../Core/Src/ILI9341_GFX.c:24:6:ILI9341_Write_Command	16	static
../Core/Src/ILI9341_GFX.c:35:6:ILI9341_Write_Data	16	static
../Core/Src/ILI9341_GFX.c:46:6:ILI9341_Set_Address	24	static
../Core/Src/ILI9341_GFX.c:90:6:ILI9341_Reset	8	static
../Core/Src/ILI9341_GFX.c:100:6:ILI9341_Set_Rotation	16	static
../Core/Src/ILI9341_GFX.c:138:6:ILI9341_Init	8	static
../Core/Src/ILI9341_GFX.c:279:6:ILI9341_Draw_Colour	16	static
../Core/Src/ILI9341_GFX.c:293:6:ILI9341_Draw_Colour_Burst	16	static
../Core/Src/ILI9341_GFX.c:316:6:ILI9341_Fill_Screen	16	static
../Core/Src/ILI9341_GFX.c:323:6:ILI9341_Draw_Pixel	24	static
../Core/Src/ILI9341_GFX.c:379:6:ILI9341_Draw_Rectangle	24	static
../Core/Src/ILI9341_GFX.c:398:6:ILI9341_Draw_Horizontal_Line	24	static
../Core/Src/ILI9341_GFX.c:412:6:ILI9341_Draw_Vertical_Line	24	static
../Core/Src/ILI9341_GFX.c:426:6:ILI9341_Draw_Hollow_Circle	48	static
../Core/Src/ILI9341_GFX.c:462:6:ILI9341_Draw_Filled_Circle	56	static
../Core/Src/ILI9341_GFX.c:498:6:ILI9341_Draw_Hollow_Rectangle_Coord	48	static
../Core/Src/ILI9341_GFX.c:546:6:ILI9341_Draw_Filled_Rectangle_Coord	48	static
../Core/Src/ILI9341_GFX.c:592:6:ILI9341_Random_line	48	static
../Core/Src/ILI9341_GFX.c:649:6:ILI9341_Draw_Image	48	static
../Core/Src/ILI9341_GFX.c:669:13:ILI9341_WriteChar	40	static
../Core/Src/ILI9341_GFX.c:696:6:ILI9341_WriteString	48	static
