Component: ARM Compiler 5.06 update 3 (build 300) Tool: armlink [4d35c9]

==============================================================================

Section Cross References

    gui_lib.o(i.AddMenuItem) refers to ili9341.o(i.RGB) for RGB
    gui_lib.o(i.AddMenuItem) refers to gui_lib.o(.data) for ItemsCount
    gui_lib.o(i.AddMenuItem) refers to gui_lib.o(.bss) for List
    gui_lib.o(i.CenterButtonClicked) refers to ili9341.o(i.ILI9341DrawVerticalLine) for ILI9341DrawVerticalLine
    gui_lib.o(i.CenterButtonClicked) refers to gui_lib.o(.data) for Colors
    gui_lib.o(i.DrawMenuItem) refers to ili9341.o(i.ILI9341DisplayString) for ILI9341DisplayString
    gui_lib.o(i.DrawMenuItem) refers to ili9341.o(i.RGB) for RGB
    gui_lib.o(i.DrawMenuItem) refers to strlen.o(.text) for strlen
    gui_lib.o(i.DrawMenuItem) refers to ili9341.o(i.ILI9341DrawHorizontalLine) for ILI9341DrawHorizontalLine
    gui_lib.o(i.DrawMenuItem) refers to ili9341.o(i.ILI9341DrawVerticalLine) for ILI9341DrawVerticalLine
    gui_lib.o(i.ReadKey) refers to stm32f10x_gpio.o(i.GPIO_ReadInputDataBit) for GPIO_ReadInputDataBit
    gui_lib.o(i.ReadKey) refers to gui_lib.o(.data) for checked
    gui_lib.o(i.SelectRootItem) refers to ili9341.o(i.RGB) for RGB
    gui_lib.o(i.SelectRootItem) refers to gui_lib.o(i.DrawMenuItem) for DrawMenuItem
    gui_lib.o(i.SelectRootItem) refers to gui_lib.o(.data) for MenuRoot
    gui_lib.o(i.SelectedItemChanged) refers to ili9341.o(i.RGB) for RGB
    gui_lib.o(i.SelectedItemChanged) refers to gui_lib.o(i.DrawMenuItem) for DrawMenuItem
    gui_lib.o(i.SelectedItemChanged) refers to gui_lib.o(.data) for MenuRoot
    gui_lib.o(i.UpdateGUI) refers to gui_lib.o(i.DrawMenuItem) for DrawMenuItem
    gui_lib.o(i.UpdateGUI) refers to gui_lib.o(.data) for MenuRoot
    gui_lib.o(i.UpdateKeyState) refers to gui_lib.o(i.ReadKey) for ReadKey
    gui_lib.o(i.UpdateKeyState) refers to gui_lib.o(i.SelectedItemChanged) for SelectedItemChanged
    gui_lib.o(i.UpdateKeyState) refers to gui_lib.o(i.CenterButtonClicked) for CenterButtonClicked
    gui_lib.o(i.UpdateKeyState) refers to gui_lib.o(.data) for current
    ili9341.o(i.DrawCircle) refers to ili9341.o(i.ILI9341DrawOnePixel) for ILI9341DrawOnePixel
    ili9341.o(i.ILI9341DisplayBmp) refers to ili9341.o(i.ILI9341SetCurPos) for ILI9341SetCurPos
    ili9341.o(i.ILI9341DisplayBmp) refers to ili9341.o(i.ILI9341WriteData) for ILI9341WriteData
    ili9341.o(i.ILI9341DisplayClear) refers to ili9341.o(i.ILI9341DisplayRectFill) for ILI9341DisplayRectFill
    ili9341.o(i.ILI9341DisplayInversionOff) refers to ili9341.o(i.ILI9341WriteCmd) for ILI9341WriteCmd
    ili9341.o(i.ILI9341DisplayInversionOn) refers to ili9341.o(i.ILI9341WriteCmd) for ILI9341WriteCmd
    ili9341.o(i.ILI9341DisplayNum) refers to ili9341.o(i.ILI9341PutChar8x16) for ILI9341PutChar8x16
    ili9341.o(i.ILI9341DisplayOff) refers to ili9341.o(i.ILI9341WriteCmd) for ILI9341WriteCmd
    ili9341.o(i.ILI9341DisplayOn) refers to ili9341.o(i.ILI9341WriteCmd) for ILI9341WriteCmd
    ili9341.o(i.ILI9341DisplayRectFill) refers to ili9341.o(i.ILI9341SetCurPos) for ILI9341SetCurPos
    ili9341.o(i.ILI9341DisplayRectFill) refers to ili9341.o(i.ILI9341WriteData) for ILI9341WriteData
    ili9341.o(i.ILI9341DisplayString) refers to ili9341.o(i.ILI9341PutChar8x16) for ILI9341PutChar8x16
    ili9341.o(i.ILI9341DrawHorizontalLine) refers to ili9341.o(i.ILI9341DrawOnePixel) for ILI9341DrawOnePixel
    ili9341.o(i.ILI9341DrawOnePixel) refers to ili9341.o(i.ILI9341SetCurPos) for ILI9341SetCurPos
    ili9341.o(i.ILI9341DrawOnePixel) refers to ili9341.o(i.ILI9341WriteData) for ILI9341WriteData
    ili9341.o(i.ILI9341DrawVerticalLine) refers to ili9341.o(i.ILI9341DrawOnePixel) for ILI9341DrawOnePixel
    ili9341.o(i.ILI9341EnterSleepMode) refers to ili9341.o(i.ILI9341WriteCmd) for ILI9341WriteCmd
    ili9341.o(i.ILI9341ExitSleepMode) refers to ili9341.o(i.ILI9341WriteCmd) for ILI9341WriteCmd
    ili9341.o(i.ILI9341ExitSleepMode) refers to delay.o(i.Delay) for Delay
    ili9341.o(i.ILI9341Init) refers to gpio.o(i.InitGPIO) for InitGPIO
    ili9341.o(i.ILI9341Init) refers to stm32f10x_gpio.o(i.GPIO_WriteBit) for GPIO_WriteBit
    ili9341.o(i.ILI9341Init) refers to delay.o(i.Delay) for Delay
    ili9341.o(i.ILI9341Init) refers to ili9341.o(i.ILI9341WriteCmd) for ILI9341WriteCmd
    ili9341.o(i.ILI9341Init) refers to ili9341.o(i.ILI9341WriteData) for ILI9341WriteData
    ili9341.o(i.ILI9341Init) refers to ili9341.o(i.ILI9341Write8Bit) for ILI9341Write8Bit
    ili9341.o(i.ILI9341PutChar8x16) refers to ili9341.o(i.ILI9341SetCurPos) for ILI9341SetCurPos
    ili9341.o(i.ILI9341PutChar8x16) refers to ili9341.o(i.ILI9341WriteData) for ILI9341WriteData
    ili9341.o(i.ILI9341PutChar8x16) refers to ili9341.o(.constdata) for Font8x16
    ili9341.o(i.ILI9341SetCurPos) refers to ili9341.o(i.ILI9341WriteCmd) for ILI9341WriteCmd
    ili9341.o(i.ILI9341SetCurPos) refers to ili9341.o(i.ILI9341WriteData) for ILI9341WriteData
    ili9341.o(i.ILI9341Write) refers to stm32f10x_gpio.o(i.GPIO_WriteBit) for GPIO_WriteBit
    ili9341.o(i.ILI9341Write8Bit) refers to stm32f10x_gpio.o(i.GPIO_WriteBit) for GPIO_WriteBit
    ili9341.o(i.ILI9341WriteCmd) refers to ili9341.o(i.ILI9341Write) for ILI9341Write
    ili9341.o(i.ILI9341WriteData) refers to ili9341.o(i.ILI9341Write) for ILI9341Write
    delay.o(i.Delay) refers to stm32f10x_tim.o(i.TIM_Cmd) for TIM_Cmd
    delay.o(i.Delay) refers to delay.o(.data) for counter
    delay.o(i.InitTimer) refers to stm32f10x_tim.o(i.TIM_TimeBaseStructInit) for TIM_TimeBaseStructInit
    delay.o(i.InitTimer) refers to stm32f10x_tim.o(i.TIM_TimeBaseInit) for TIM_TimeBaseInit
    delay.o(i.InitTimer) refers to stm32f10x_tim.o(i.TIM_ITConfig) for TIM_ITConfig
    delay.o(i.InitTimer) refers to stm32f10x_tim.o(i.TIM_Cmd) for TIM_Cmd
    delay.o(i.TIM6_IRQHandler) refers to stm32f10x_tim.o(i.TIM_GetITStatus) for TIM_GetITStatus
    delay.o(i.TIM6_IRQHandler) refers to stm32f10x_tim.o(i.TIM_ClearITPendingBit) for TIM_ClearITPendingBit
    delay.o(i.TIM6_IRQHandler) refers to delay.o(.data) for counter
    gpio.o(i.InitGPIO) refers to stm32f10x_gpio.o(i.GPIO_Init) for GPIO_Init
    main.o(i.InitRCC) refers to stm32f10x_rcc.o(i.RCC_DeInit) for RCC_DeInit
    main.o(i.InitRCC) refers to stm32f10x_rcc.o(i.RCC_HSICmd) for RCC_HSICmd
    main.o(i.InitRCC) refers to stm32f10x_rcc.o(i.RCC_HSEConfig) for RCC_HSEConfig
    main.o(i.InitRCC) refers to stm32f10x_rcc.o(i.RCC_WaitForHSEStartUp) for RCC_WaitForHSEStartUp
    main.o(i.InitRCC) refers to stm32f10x_rcc.o(i.RCC_PREDIV2Config) for RCC_PREDIV2Config
    main.o(i.InitRCC) refers to stm32f10x_rcc.o(i.RCC_PLL2Config) for RCC_PLL2Config
    main.o(i.InitRCC) refers to stm32f10x_rcc.o(i.RCC_PLL2Cmd) for RCC_PLL2Cmd
    main.o(i.InitRCC) refers to stm32f10x_rcc.o(i.RCC_PREDIV1Config) for RCC_PREDIV1Config
    main.o(i.InitRCC) refers to stm32f10x_rcc.o(i.RCC_PLLConfig) for RCC_PLLConfig
    main.o(i.InitRCC) refers to stm32f10x_rcc.o(i.RCC_PLLCmd) for RCC_PLLCmd
    main.o(i.InitRCC) refers to stm32f10x_rcc.o(i.RCC_SYSCLKConfig) for RCC_SYSCLKConfig
    main.o(i.InitRCC) refers to stm32f10x_rcc.o(i.RCC_HCLKConfig) for RCC_HCLKConfig
    main.o(i.InitRCC) refers to stm32f10x_rcc.o(i.RCC_PCLK1Config) for RCC_PCLK1Config
    main.o(i.InitRCC) refers to stm32f10x_rcc.o(i.RCC_PCLK2Config) for RCC_PCLK2Config
    main.o(i.InitRCC) refers to stm32f10x_rcc.o(i.RCC_GetSYSCLKSource) for RCC_GetSYSCLKSource
    main.o(i.main) refers to main.o(i.InitRCC) for InitRCC
    main.o(i.main) refers to stm32f10x_rcc.o(i.RCC_APB2PeriphClockCmd) for RCC_APB2PeriphClockCmd
    main.o(i.main) refers to stm32f10x_rcc.o(i.RCC_APB1PeriphClockCmd) for RCC_APB1PeriphClockCmd
    main.o(i.main) refers to stm32f10x_rcc.o(i.RCC_GetClocksFreq) for RCC_GetClocksFreq
    main.o(i.main) refers to delay.o(i.InitTimer) for InitTimer
    main.o(i.main) refers to gpio.o(i.InitGPIO) for InitGPIO
    main.o(i.main) refers to ili9341.o(i.ILI9341Init) for ILI9341Init
    main.o(i.main) refers to ili9341.o(i.RGB) for RGB
    main.o(i.main) refers to ili9341.o(i.ILI9341DrawOnePixel) for ILI9341DrawOnePixel
    main.o(i.main) refers to ili9341.o(i.ILI9341DisplayRectFill) for ILI9341DisplayRectFill
    main.o(i.main) refers to ili9341.o(i.DrawCircle) for DrawCircle
    main.o(i.main) refers to gui_lib.o(i.AddMenuItem) for AddMenuItem
    main.o(i.main) refers to gui_lib.o(i.UpdateGUI) for UpdateGUI
    main.o(i.main) refers to gui_lib.o(i.SelectRootItem) for SelectRootItem
    main.o(i.main) refers to ili9341.o(i.ILI9341DisplayNum) for ILI9341DisplayNum
    main.o(i.main) refers to gui_lib.o(i.UpdateKeyState) for UpdateKeyState
    main.o(i.main) refers to delay.o(i.Delay) for Delay
    main.o(i.main) refers to gui_lib.o(.data) for current
    stm32f10x_gpio.o(i.GPIO_AFIODeInit) refers to stm32f10x_rcc.o(i.RCC_APB2PeriphResetCmd) for RCC_APB2PeriphResetCmd
    stm32f10x_gpio.o(i.GPIO_DeInit) refers to stm32f10x_rcc.o(i.RCC_APB2PeriphResetCmd) for RCC_APB2PeriphResetCmd
    stm32f10x_rcc.o(i.RCC_GetClocksFreq) refers to stm32f10x_rcc.o(.data) for APBAHBPrescTable
    stm32f10x_rcc.o(i.RCC_WaitForHSEStartUp) refers to stm32f10x_rcc.o(i.RCC_GetFlagStatus) for RCC_GetFlagStatus
    stm32f10x_tim.o(i.TIM_DeInit) refers to stm32f10x_rcc.o(i.RCC_APB2PeriphResetCmd) for RCC_APB2PeriphResetCmd
    stm32f10x_tim.o(i.TIM_DeInit) refers to stm32f10x_rcc.o(i.RCC_APB1PeriphResetCmd) for RCC_APB1PeriphResetCmd
    stm32f10x_tim.o(i.TIM_ETRClockMode1Config) refers to stm32f10x_tim.o(i.TIM_ETRConfig) for TIM_ETRConfig
    stm32f10x_tim.o(i.TIM_ETRClockMode2Config) refers to stm32f10x_tim.o(i.TIM_ETRConfig) for TIM_ETRConfig
    stm32f10x_tim.o(i.TIM_ICInit) refers to stm32f10x_tim.o(i.TI1_Config) for TI1_Config
    stm32f10x_tim.o(i.TIM_ICInit) refers to stm32f10x_tim.o(i.TIM_SetIC1Prescaler) for TIM_SetIC1Prescaler
    stm32f10x_tim.o(i.TIM_ICInit) refers to stm32f10x_tim.o(i.TI2_Config) for TI2_Config
    stm32f10x_tim.o(i.TIM_ICInit) refers to stm32f10x_tim.o(i.TIM_SetIC2Prescaler) for TIM_SetIC2Prescaler
    stm32f10x_tim.o(i.TIM_ICInit) refers to stm32f10x_tim.o(i.TI3_Config) for TI3_Config
    stm32f10x_tim.o(i.TIM_ICInit) refers to stm32f10x_tim.o(i.TIM_SetIC3Prescaler) for TIM_SetIC3Prescaler
    stm32f10x_tim.o(i.TIM_ICInit) refers to stm32f10x_tim.o(i.TI4_Config) for TI4_Config
    stm32f10x_tim.o(i.TIM_ICInit) refers to stm32f10x_tim.o(i.TIM_SetIC4Prescaler) for TIM_SetIC4Prescaler
    stm32f10x_tim.o(i.TIM_ITRxExternalClockConfig) refers to stm32f10x_tim.o(i.TIM_SelectInputTrigger) for TIM_SelectInputTrigger
    stm32f10x_tim.o(i.TIM_PWMIConfig) refers to stm32f10x_tim.o(i.TI1_Config) for TI1_Config
    stm32f10x_tim.o(i.TIM_PWMIConfig) refers to stm32f10x_tim.o(i.TIM_SetIC1Prescaler) for TIM_SetIC1Prescaler
    stm32f10x_tim.o(i.TIM_PWMIConfig) refers to stm32f10x_tim.o(i.TI2_Config) for TI2_Config
    stm32f10x_tim.o(i.TIM_PWMIConfig) refers to stm32f10x_tim.o(i.TIM_SetIC2Prescaler) for TIM_SetIC2Prescaler
    stm32f10x_tim.o(i.TIM_TIxExternalClockConfig) refers to stm32f10x_tim.o(i.TI2_Config) for TI2_Config
    stm32f10x_tim.o(i.TIM_TIxExternalClockConfig) refers to stm32f10x_tim.o(i.TI1_Config) for TI1_Config
    stm32f10x_tim.o(i.TIM_TIxExternalClockConfig) refers to stm32f10x_tim.o(i.TIM_SelectInputTrigger) for TIM_SelectInputTrigger
    stm32f10x_usart.o(i.USART_DeInit) refers to stm32f10x_rcc.o(i.RCC_APB2PeriphResetCmd) for RCC_APB2PeriphResetCmd
    stm32f10x_usart.o(i.USART_DeInit) refers to stm32f10x_rcc.o(i.RCC_APB1PeriphResetCmd) for RCC_APB1PeriphResetCmd
    stm32f10x_usart.o(i.USART_Init) refers to stm32f10x_rcc.o(i.RCC_GetClocksFreq) for RCC_GetClocksFreq
    startup_stm32f10x_cl.o(RESET) refers to startup_stm32f10x_cl.o(STACK) for __initial_sp
    startup_stm32f10x_cl.o(RESET) refers to startup_stm32f10x_cl.o(.text) for Reset_Handler
    startup_stm32f10x_cl.o(RESET) refers to delay.o(i.TIM6_IRQHandler) for TIM6_IRQHandler
    startup_stm32f10x_cl.o(.text) refers to system_stm32f10x.o(i.SystemInit) for SystemInit
    startup_stm32f10x_cl.o(.text) refers to entry.o(.ARM.Collect$$$$00000000) for __main
    system_stm32f10x.o(i.SetSysClock) refers to system_stm32f10x.o(i.SetSysClockTo72) for SetSysClockTo72
    system_stm32f10x.o(i.SystemCoreClockUpdate) refers to system_stm32f10x.o(.data) for SystemCoreClock
    system_stm32f10x.o(i.SystemInit) refers to system_stm32f10x.o(i.SetSysClock) for SetSysClock
    entry.o(.ARM.Collect$$$$00000000) refers (Special) to entry10a.o(.ARM.Collect$$$$0000000D) for __rt_final_cpp
    entry.o(.ARM.Collect$$$$00000000) refers (Special) to entry11a.o(.ARM.Collect$$$$0000000F) for __rt_final_exit
    entry.o(.ARM.Collect$$$$00000000) refers (Special) to entry7b.o(.ARM.Collect$$$$00000008) for _main_clock
    entry.o(.ARM.Collect$$$$00000000) refers (Special) to entry8b.o(.ARM.Collect$$$$0000000A) for _main_cpp_init
    entry.o(.ARM.Collect$$$$00000000) refers (Special) to entry9a.o(.ARM.Collect$$$$0000000B) for _main_init
    entry.o(.ARM.Collect$$$$00000000) refers (Special) to entry5.o(.ARM.Collect$$$$00000004) for _main_scatterload
    entry.o(.ARM.Collect$$$$00000000) refers (Special) to entry2.o(.ARM.Collect$$$$00000001) for _main_stk
    entry2.o(.ARM.Collect$$$$00000001) refers to entry2.o(.ARM.Collect$$$$00002712) for __lit__00000000
    entry2.o(.ARM.Collect$$$$00002712) refers to startup_stm32f10x_cl.o(STACK) for __initial_sp
    entry2.o(__vectab_stack_and_reset_area) refers to startup_stm32f10x_cl.o(STACK) for __initial_sp
    entry2.o(__vectab_stack_and_reset_area) refers to entry.o(.ARM.Collect$$$$00000000) for __main
    entry5.o(.ARM.Collect$$$$00000004) refers to init.o(.text) for __scatterload
    entry9a.o(.ARM.Collect$$$$0000000B) refers to main.o(i.main) for main
    entry9b.o(.ARM.Collect$$$$0000000C) refers to main.o(i.main) for main
    init.o(.text) refers to entry5.o(.ARM.Collect$$$$00000004) for __main_after_scatterload


==============================================================================

Removing Unused input sections from the image.

    Removing gui_lib.o(.rev16_text), (4 bytes).
    Removing gui_lib.o(.revsh_text), (4 bytes).
    Removing gui_lib.o(.rrx_text), (6 bytes).
    Removing gui_lib.o(.constdata), (1536 bytes).
    Removing ili9341.o(.rev16_text), (4 bytes).
    Removing ili9341.o(.revsh_text), (4 bytes).
    Removing ili9341.o(.rrx_text), (6 bytes).
    Removing ili9341.o(i.ILI9341DisplayBmp), (88 bytes).
    Removing ili9341.o(i.ILI9341DisplayClear), (22 bytes).
    Removing ili9341.o(i.ILI9341DisplayInversionOff), (10 bytes).
    Removing ili9341.o(i.ILI9341DisplayInversionOn), (10 bytes).
    Removing ili9341.o(i.ILI9341DisplayOff), (10 bytes).
    Removing ili9341.o(i.ILI9341DisplayOn), (10 bytes).
    Removing ili9341.o(i.ILI9341EnterSleepMode), (10 bytes).
    Removing ili9341.o(i.ILI9341ExitSleepMode), (18 bytes).
    Removing delay.o(.rev16_text), (4 bytes).
    Removing delay.o(.revsh_text), (4 bytes).
    Removing delay.o(.rrx_text), (6 bytes).
    Removing gpio.o(.rev16_text), (4 bytes).
    Removing gpio.o(.revsh_text), (4 bytes).
    Removing gpio.o(.rrx_text), (6 bytes).
    Removing main.o(.rev16_text), (4 bytes).
    Removing main.o(.revsh_text), (4 bytes).
    Removing main.o(.rrx_text), (6 bytes).
    Removing main.o(.constdata), (1536 bytes).
    Removing misc.o(.rev16_text), (4 bytes).
    Removing misc.o(.revsh_text), (4 bytes).
    Removing misc.o(.rrx_text), (6 bytes).
    Removing misc.o(i.NVIC_Init), (112 bytes).
    Removing misc.o(i.NVIC_PriorityGroupConfig), (20 bytes).
    Removing misc.o(i.NVIC_SetVectorTable), (20 bytes).
    Removing misc.o(i.NVIC_SystemLPConfig), (32 bytes).
    Removing misc.o(i.SysTick_CLKSourceConfig), (40 bytes).
    Removing stm32f10x_gpio.o(.rev16_text), (4 bytes).
    Removing stm32f10x_gpio.o(.revsh_text), (4 bytes).
    Removing stm32f10x_gpio.o(.rrx_text), (6 bytes).
    Removing stm32f10x_gpio.o(i.GPIO_AFIODeInit), (20 bytes).
    Removing stm32f10x_gpio.o(i.GPIO_DeInit), (200 bytes).
    Removing stm32f10x_gpio.o(i.GPIO_ETH_MediaInterfaceConfig), (12 bytes).
    Removing stm32f10x_gpio.o(i.GPIO_EXTILineConfig), (64 bytes).
    Removing stm32f10x_gpio.o(i.GPIO_EventOutputCmd), (12 bytes).
    Removing stm32f10x_gpio.o(i.GPIO_EventOutputConfig), (32 bytes).
    Removing stm32f10x_gpio.o(i.GPIO_PinLockConfig), (18 bytes).
    Removing stm32f10x_gpio.o(i.GPIO_PinRemapConfig), (144 bytes).
    Removing stm32f10x_gpio.o(i.GPIO_ReadInputData), (8 bytes).
    Removing stm32f10x_gpio.o(i.GPIO_ReadOutputData), (8 bytes).
    Removing stm32f10x_gpio.o(i.GPIO_ReadOutputDataBit), (18 bytes).
    Removing stm32f10x_gpio.o(i.GPIO_ResetBits), (4 bytes).
    Removing stm32f10x_gpio.o(i.GPIO_SetBits), (4 bytes).
    Removing stm32f10x_gpio.o(i.GPIO_StructInit), (16 bytes).
    Removing stm32f10x_gpio.o(i.GPIO_Write), (4 bytes).
    Removing stm32f10x_rcc.o(.rev16_text), (4 bytes).
    Removing stm32f10x_rcc.o(.revsh_text), (4 bytes).
    Removing stm32f10x_rcc.o(.rrx_text), (6 bytes).
    Removing stm32f10x_rcc.o(i.RCC_ADCCLKConfig), (24 bytes).
    Removing stm32f10x_rcc.o(i.RCC_AHBPeriphClockCmd), (32 bytes).
    Removing stm32f10x_rcc.o(i.RCC_AHBPeriphResetCmd), (32 bytes).
    Removing stm32f10x_rcc.o(i.RCC_APB1PeriphResetCmd), (32 bytes).
    Removing stm32f10x_rcc.o(i.RCC_APB2PeriphResetCmd), (32 bytes).
    Removing stm32f10x_rcc.o(i.RCC_AdjustHSICalibrationValue), (24 bytes).
    Removing stm32f10x_rcc.o(i.RCC_BackupResetCmd), (12 bytes).
    Removing stm32f10x_rcc.o(i.RCC_ClearFlag), (20 bytes).
    Removing stm32f10x_rcc.o(i.RCC_ClearITPendingBit), (12 bytes).
    Removing stm32f10x_rcc.o(i.RCC_ClockSecuritySystemCmd), (12 bytes).
    Removing stm32f10x_rcc.o(i.RCC_GetITStatus), (24 bytes).
    Removing stm32f10x_rcc.o(i.RCC_I2S2CLKConfig), (12 bytes).
    Removing stm32f10x_rcc.o(i.RCC_I2S3CLKConfig), (12 bytes).
    Removing stm32f10x_rcc.o(i.RCC_ITConfig), (32 bytes).
    Removing stm32f10x_rcc.o(i.RCC_LSEConfig), (52 bytes).
    Removing stm32f10x_rcc.o(i.RCC_LSICmd), (12 bytes).
    Removing stm32f10x_rcc.o(i.RCC_MCOConfig), (12 bytes).
    Removing stm32f10x_rcc.o(i.RCC_OTGFSCLKConfig), (12 bytes).
    Removing stm32f10x_rcc.o(i.RCC_PLL3Cmd), (12 bytes).
    Removing stm32f10x_rcc.o(i.RCC_PLL3Config), (24 bytes).
    Removing stm32f10x_rcc.o(i.RCC_RTCCLKCmd), (12 bytes).
    Removing stm32f10x_rcc.o(i.RCC_RTCCLKConfig), (16 bytes).
    Removing stm32f10x_tim.o(.rev16_text), (4 bytes).
    Removing stm32f10x_tim.o(.revsh_text), (4 bytes).
    Removing stm32f10x_tim.o(.rrx_text), (6 bytes).
    Removing stm32f10x_tim.o(i.TI1_Config), (128 bytes).
    Removing stm32f10x_tim.o(i.TI2_Config), (152 bytes).
    Removing stm32f10x_tim.o(i.TI3_Config), (144 bytes).
    Removing stm32f10x_tim.o(i.TI4_Config), (152 bytes).
    Removing stm32f10x_tim.o(i.TIM_ARRPreloadConfig), (24 bytes).
    Removing stm32f10x_tim.o(i.TIM_BDTRConfig), (32 bytes).
    Removing stm32f10x_tim.o(i.TIM_BDTRStructInit), (18 bytes).
    Removing stm32f10x_tim.o(i.TIM_CCPreloadControl), (24 bytes).
    Removing stm32f10x_tim.o(i.TIM_CCxCmd), (30 bytes).
    Removing stm32f10x_tim.o(i.TIM_CCxNCmd), (30 bytes).
    Removing stm32f10x_tim.o(i.TIM_ClearFlag), (6 bytes).
    Removing stm32f10x_tim.o(i.TIM_ClearOC1Ref), (18 bytes).
    Removing stm32f10x_tim.o(i.TIM_ClearOC2Ref), (24 bytes).
    Removing stm32f10x_tim.o(i.TIM_ClearOC3Ref), (18 bytes).
    Removing stm32f10x_tim.o(i.TIM_ClearOC4Ref), (24 bytes).
    Removing stm32f10x_tim.o(i.TIM_CounterModeConfig), (18 bytes).
    Removing stm32f10x_tim.o(i.TIM_CtrlPWMOutputs), (30 bytes).
    Removing stm32f10x_tim.o(i.TIM_DMACmd), (18 bytes).
    Removing stm32f10x_tim.o(i.TIM_DMAConfig), (10 bytes).
    Removing stm32f10x_tim.o(i.TIM_DeInit), (488 bytes).
    Removing stm32f10x_tim.o(i.TIM_ETRClockMode1Config), (54 bytes).
    Removing stm32f10x_tim.o(i.TIM_ETRClockMode2Config), (32 bytes).
    Removing stm32f10x_tim.o(i.TIM_ETRConfig), (28 bytes).
    Removing stm32f10x_tim.o(i.TIM_EncoderInterfaceConfig), (66 bytes).
    Removing stm32f10x_tim.o(i.TIM_ForcedOC1Config), (18 bytes).
    Removing stm32f10x_tim.o(i.TIM_ForcedOC2Config), (26 bytes).
    Removing stm32f10x_tim.o(i.TIM_ForcedOC3Config), (18 bytes).
    Removing stm32f10x_tim.o(i.TIM_ForcedOC4Config), (26 bytes).
    Removing stm32f10x_tim.o(i.TIM_GenerateEvent), (4 bytes).
    Removing stm32f10x_tim.o(i.TIM_GetCapture1), (6 bytes).
    Removing stm32f10x_tim.o(i.TIM_GetCapture2), (6 bytes).
    Removing stm32f10x_tim.o(i.TIM_GetCapture3), (6 bytes).
    Removing stm32f10x_tim.o(i.TIM_GetCapture4), (8 bytes).
    Removing stm32f10x_tim.o(i.TIM_GetCounter), (6 bytes).
    Removing stm32f10x_tim.o(i.TIM_GetFlagStatus), (18 bytes).
    Removing stm32f10x_tim.o(i.TIM_GetPrescaler), (6 bytes).
    Removing stm32f10x_tim.o(i.TIM_ICInit), (172 bytes).
    Removing stm32f10x_tim.o(i.TIM_ICStructInit), (18 bytes).
    Removing stm32f10x_tim.o(i.TIM_ITRxExternalClockConfig), (24 bytes).
    Removing stm32f10x_tim.o(i.TIM_InternalClockConfig), (12 bytes).
    Removing stm32f10x_tim.o(i.TIM_OC1FastConfig), (18 bytes).
    Removing stm32f10x_tim.o(i.TIM_OC1Init), (152 bytes).
    Removing stm32f10x_tim.o(i.TIM_OC1NPolarityConfig), (18 bytes).
    Removing stm32f10x_tim.o(i.TIM_OC1PolarityConfig), (18 bytes).
    Removing stm32f10x_tim.o(i.TIM_OC1PreloadConfig), (18 bytes).
    Removing stm32f10x_tim.o(i.TIM_OC2FastConfig), (26 bytes).
    Removing stm32f10x_tim.o(i.TIM_OC2Init), (164 bytes).
    Removing stm32f10x_tim.o(i.TIM_OC2NPolarityConfig), (26 bytes).
    Removing stm32f10x_tim.o(i.TIM_OC2PolarityConfig), (26 bytes).
    Removing stm32f10x_tim.o(i.TIM_OC2PreloadConfig), (26 bytes).
    Removing stm32f10x_tim.o(i.TIM_OC3FastConfig), (18 bytes).
    Removing stm32f10x_tim.o(i.TIM_OC3Init), (160 bytes).
    Removing stm32f10x_tim.o(i.TIM_OC3NPolarityConfig), (26 bytes).
    Removing stm32f10x_tim.o(i.TIM_OC3PolarityConfig), (26 bytes).
    Removing stm32f10x_tim.o(i.TIM_OC3PreloadConfig), (18 bytes).
    Removing stm32f10x_tim.o(i.TIM_OC4FastConfig), (26 bytes).
    Removing stm32f10x_tim.o(i.TIM_OC4Init), (124 bytes).
    Removing stm32f10x_tim.o(i.TIM_OC4PolarityConfig), (26 bytes).
    Removing stm32f10x_tim.o(i.TIM_OC4PreloadConfig), (26 bytes).
    Removing stm32f10x_tim.o(i.TIM_OCStructInit), (20 bytes).
    Removing stm32f10x_tim.o(i.TIM_PWMIConfig), (124 bytes).
    Removing stm32f10x_tim.o(i.TIM_PrescalerConfig), (6 bytes).
    Removing stm32f10x_tim.o(i.TIM_SelectCCDMA), (24 bytes).
    Removing stm32f10x_tim.o(i.TIM_SelectCOM), (24 bytes).
    Removing stm32f10x_tim.o(i.TIM_SelectHallSensor), (24 bytes).
    Removing stm32f10x_tim.o(i.TIM_SelectInputTrigger), (18 bytes).
    Removing stm32f10x_tim.o(i.TIM_SelectMasterSlaveMode), (18 bytes).
    Removing stm32f10x_tim.o(i.TIM_SelectOCxM), (82 bytes).
    Removing stm32f10x_tim.o(i.TIM_SelectOnePulseMode), (18 bytes).
    Removing stm32f10x_tim.o(i.TIM_SelectOutputTrigger), (18 bytes).
    Removing stm32f10x_tim.o(i.TIM_SelectSlaveMode), (18 bytes).
    Removing stm32f10x_tim.o(i.TIM_SetAutoreload), (4 bytes).
    Removing stm32f10x_tim.o(i.TIM_SetClockDivision), (18 bytes).
    Removing stm32f10x_tim.o(i.TIM_SetCompare1), (4 bytes).
    Removing stm32f10x_tim.o(i.TIM_SetCompare2), (4 bytes).
    Removing stm32f10x_tim.o(i.TIM_SetCompare3), (4 bytes).
    Removing stm32f10x_tim.o(i.TIM_SetCompare4), (6 bytes).
    Removing stm32f10x_tim.o(i.TIM_SetCounter), (4 bytes).
    Removing stm32f10x_tim.o(i.TIM_SetIC1Prescaler), (18 bytes).
    Removing stm32f10x_tim.o(i.TIM_SetIC2Prescaler), (26 bytes).
    Removing stm32f10x_tim.o(i.TIM_SetIC3Prescaler), (18 bytes).
    Removing stm32f10x_tim.o(i.TIM_SetIC4Prescaler), (26 bytes).
    Removing stm32f10x_tim.o(i.TIM_TIxExternalClockConfig), (62 bytes).
    Removing stm32f10x_tim.o(i.TIM_UpdateDisableConfig), (24 bytes).
    Removing stm32f10x_tim.o(i.TIM_UpdateRequestConfig), (24 bytes).
    Removing stm32f10x_usart.o(.rev16_text), (4 bytes).
    Removing stm32f10x_usart.o(.revsh_text), (4 bytes).
    Removing stm32f10x_usart.o(.rrx_text), (6 bytes).
    Removing stm32f10x_usart.o(i.USART_ClearFlag), (18 bytes).
    Removing stm32f10x_usart.o(i.USART_ClearITPendingBit), (30 bytes).
    Removing stm32f10x_usart.o(i.USART_ClockInit), (34 bytes).
    Removing stm32f10x_usart.o(i.USART_ClockStructInit), (12 bytes).
    Removing stm32f10x_usart.o(i.USART_Cmd), (24 bytes).
    Removing stm32f10x_usart.o(i.USART_DMACmd), (18 bytes).
    Removing stm32f10x_usart.o(i.USART_DeInit), (156 bytes).
    Removing stm32f10x_usart.o(i.USART_GetFlagStatus), (26 bytes).
    Removing stm32f10x_usart.o(i.USART_GetITStatus), (84 bytes).
    Removing stm32f10x_usart.o(i.USART_HalfDuplexCmd), (24 bytes).
    Removing stm32f10x_usart.o(i.USART_ITConfig), (74 bytes).
    Removing stm32f10x_usart.o(i.USART_Init), (216 bytes).
    Removing stm32f10x_usart.o(i.USART_IrDACmd), (24 bytes).
    Removing stm32f10x_usart.o(i.USART_IrDAConfig), (18 bytes).
    Removing stm32f10x_usart.o(i.USART_LINBreakDetectLengthConfig), (18 bytes).
    Removing stm32f10x_usart.o(i.USART_LINCmd), (24 bytes).
    Removing stm32f10x_usart.o(i.USART_OneBitMethodCmd), (24 bytes).
    Removing stm32f10x_usart.o(i.USART_OverSampling8Cmd), (22 bytes).
    Removing stm32f10x_usart.o(i.USART_ReceiveData), (10 bytes).
    Removing stm32f10x_usart.o(i.USART_ReceiverWakeUpCmd), (24 bytes).
    Removing stm32f10x_usart.o(i.USART_SendBreak), (10 bytes).
    Removing stm32f10x_usart.o(i.USART_SendData), (8 bytes).
    Removing stm32f10x_usart.o(i.USART_SetAddress), (18 bytes).
    Removing stm32f10x_usart.o(i.USART_SetGuardTime), (16 bytes).
    Removing stm32f10x_usart.o(i.USART_SetPrescaler), (16 bytes).
    Removing stm32f10x_usart.o(i.USART_SmartCardCmd), (24 bytes).
    Removing stm32f10x_usart.o(i.USART_SmartCardNACKCmd), (24 bytes).
    Removing stm32f10x_usart.o(i.USART_StructInit), (24 bytes).
    Removing stm32f10x_usart.o(i.USART_WakeUpConfig), (18 bytes).
    Removing startup_stm32f10x_cl.o(HEAP), (512 bytes).
    Removing system_stm32f10x.o(.rev16_text), (4 bytes).
    Removing system_stm32f10x.o(.revsh_text), (4 bytes).
    Removing system_stm32f10x.o(.rrx_text), (6 bytes).
    Removing system_stm32f10x.o(i.SystemCoreClockUpdate), (256 bytes).
    Removing system_stm32f10x.o(.data), (20 bytes).

202 unused section(s) (total 10002 bytes) removed from the image.

==============================================================================

Image Symbol Table

    Local Symbols

    Symbol Name                              Value     Ov Type        Size  Object(Section)

    ../clib/microlib/init/entry.s            0x00000000   Number         0  entry10a.o ABSOLUTE
    ../clib/microlib/init/entry.s            0x00000000   Number         0  entry9b.o ABSOLUTE
    ../clib/microlib/init/entry.s            0x00000000   Number         0  entry2.o ABSOLUTE
    ../clib/microlib/init/entry.s            0x00000000   Number         0  entry.o ABSOLUTE
    ../clib/microlib/init/entry.s            0x00000000   Number         0  entry8b.o ABSOLUTE
    ../clib/microlib/init/entry.s            0x00000000   Number         0  entry9a.o ABSOLUTE
    ../clib/microlib/init/entry.s            0x00000000   Number         0  entry8a.o ABSOLUTE
    ../clib/microlib/init/entry.s            0x00000000   Number         0  entry7b.o ABSOLUTE
    ../clib/microlib/init/entry.s            0x00000000   Number         0  entry7a.o ABSOLUTE
    ../clib/microlib/init/entry.s            0x00000000   Number         0  entry5.o ABSOLUTE
    ../clib/microlib/init/entry.s            0x00000000   Number         0  entry10b.o ABSOLUTE
    ../clib/microlib/init/entry.s            0x00000000   Number         0  entry11a.o ABSOLUTE
    ../clib/microlib/init/entry.s            0x00000000   Number         0  entry11b.o ABSOLUTE
    ../clib/microlib/string/strlen.c         0x00000000   Number         0  strlen.o ABSOLUTE
    C:\Keil_v5\ARM\PACK\Keil\STM32F1xx_DFP\2.1.0\Device\StdPeriph_Driver\src\misc.c 0x00000000   Number         0  misc.o ABSOLUTE
    C:\Keil_v5\ARM\PACK\Keil\STM32F1xx_DFP\2.1.0\Device\StdPeriph_Driver\src\stm32f10x_gpio.c 0x00000000   Number         0  stm32f10x_gpio.o ABSOLUTE
    C:\Keil_v5\ARM\PACK\Keil\STM32F1xx_DFP\2.1.0\Device\StdPeriph_Driver\src\stm32f10x_rcc.c 0x00000000   Number         0  stm32f10x_rcc.o ABSOLUTE
    C:\Keil_v5\ARM\PACK\Keil\STM32F1xx_DFP\2.1.0\Device\StdPeriph_Driver\src\stm32f10x_tim.c 0x00000000   Number         0  stm32f10x_tim.o ABSOLUTE
    C:\Keil_v5\ARM\PACK\Keil\STM32F1xx_DFP\2.1.0\Device\StdPeriph_Driver\src\stm32f10x_usart.c 0x00000000   Number         0  stm32f10x_usart.o ABSOLUTE
    C:\\Keil_v5\\ARM\\PACK\\Keil\\STM32F1xx_DFP\\2.1.0\\Device\\StdPeriph_Driver\\src\\misc.c 0x00000000   Number         0  misc.o ABSOLUTE
    C:\\Keil_v5\\ARM\\PACK\\Keil\\STM32F1xx_DFP\\2.1.0\\Device\\StdPeriph_Driver\\src\\stm32f10x_gpio.c 0x00000000   Number         0  stm32f10x_gpio.o ABSOLUTE
    C:\\Keil_v5\\ARM\\PACK\\Keil\\STM32F1xx_DFP\\2.1.0\\Device\\StdPeriph_Driver\\src\\stm32f10x_rcc.c 0x00000000   Number         0  stm32f10x_rcc.o ABSOLUTE
    C:\\Keil_v5\\ARM\\PACK\\Keil\\STM32F1xx_DFP\\2.1.0\\Device\\StdPeriph_Driver\\src\\stm32f10x_tim.c 0x00000000   Number         0  stm32f10x_tim.o ABSOLUTE
    C:\\Keil_v5\\ARM\\PACK\\Keil\\STM32F1xx_DFP\\2.1.0\\Device\\StdPeriph_Driver\\src\\stm32f10x_usart.c 0x00000000   Number         0  stm32f10x_usart.o ABSOLUTE
    GUI_Lib\GUI_Lib.c                        0x00000000   Number         0  gui_lib.o ABSOLUTE
    GUI_Lib\\GUI_Lib.c                       0x00000000   Number         0  gui_lib.o ABSOLUTE
    RTE\Device\STM32F107VC\startup_stm32f10x_cl.s 0x00000000   Number         0  startup_stm32f10x_cl.o ABSOLUTE
    RTE\Device\STM32F107VC\system_stm32f10x.c 0x00000000   Number         0  system_stm32f10x.o ABSOLUTE
    RTE\\Device\\STM32F107VC\\system_stm32f10x.c 0x00000000   Number         0  system_stm32f10x.o ABSOLUTE
    dc.s                                     0x00000000   Number         0  dc.o ABSOLUTE
    handlers.s                               0x00000000   Number         0  handlers.o ABSOLUTE
    ili9341\\ili9341.c                       0x00000000   Number         0  ili9341.o ABSOLUTE
    ili9341\ili9341.c                        0x00000000   Number         0  ili9341.o ABSOLUTE
    init.s                                   0x00000000   Number         0  init.o ABSOLUTE
    main.c                                   0x00000000   Number         0  main.o ABSOLUTE
    main.c                                   0x00000000   Number         0  main.o ABSOLUTE
    utils\\delay.c                           0x00000000   Number         0  delay.o ABSOLUTE
    utils\\gpio.c                            0x00000000   Number         0  gpio.o ABSOLUTE
    utils\delay.c                            0x00000000   Number         0  delay.o ABSOLUTE
    utils\gpio.c                             0x00000000   Number         0  gpio.o ABSOLUTE
    RESET                                    0x08000000   Section      336  startup_stm32f10x_cl.o(RESET)
    .ARM.Collect$$$$00000000                 0x08000150   Section        0  entry.o(.ARM.Collect$$$$00000000)
    .ARM.Collect$$$$00000001                 0x08000150   Section        4  entry2.o(.ARM.Collect$$$$00000001)
    .ARM.Collect$$$$00000004                 0x08000154   Section        4  entry5.o(.ARM.Collect$$$$00000004)
    .ARM.Collect$$$$00000008                 0x08000158   Section        0  entry7b.o(.ARM.Collect$$$$00000008)
    .ARM.Collect$$$$0000000A                 0x08000158   Section        0  entry8b.o(.ARM.Collect$$$$0000000A)
    .ARM.Collect$$$$0000000B                 0x08000158   Section        8  entry9a.o(.ARM.Collect$$$$0000000B)
    .ARM.Collect$$$$0000000D                 0x08000160   Section        0  entry10a.o(.ARM.Collect$$$$0000000D)
    .ARM.Collect$$$$0000000F                 0x08000160   Section        0  entry11a.o(.ARM.Collect$$$$0000000F)
    .ARM.Collect$$$$00002712                 0x08000160   Section        4  entry2.o(.ARM.Collect$$$$00002712)
    __lit__00000000                          0x08000160   Data           4  entry2.o(.ARM.Collect$$$$00002712)
    .text                                    0x08000164   Section       36  startup_stm32f10x_cl.o(.text)
    .text                                    0x08000188   Section        0  strlen.o(.text)
    .text                                    0x08000198   Section       36  init.o(.text)
    i.AddMenuItem                            0x080001bc   Section        0  gui_lib.o(i.AddMenuItem)
    i.CenterButtonClicked                    0x08000224   Section        0  gui_lib.o(i.CenterButtonClicked)
    i.Delay                                  0x08000254   Section        0  delay.o(i.Delay)
    i.DrawCircle                             0x08000280   Section        0  ili9341.o(i.DrawCircle)
    i.DrawMenuItem                           0x08000338   Section        0  gui_lib.o(i.DrawMenuItem)
    i.GPIO_Init                              0x08000402   Section        0  stm32f10x_gpio.o(i.GPIO_Init)
    i.GPIO_ReadInputDataBit                  0x08000518   Section        0  stm32f10x_gpio.o(i.GPIO_ReadInputDataBit)
    i.GPIO_WriteBit                          0x0800052a   Section        0  stm32f10x_gpio.o(i.GPIO_WriteBit)
    i.ILI9341DisplayNum                      0x08000534   Section        0  ili9341.o(i.ILI9341DisplayNum)
    i.ILI9341DisplayRectFill                 0x080005a8   Section        0  ili9341.o(i.ILI9341DisplayRectFill)
    i.ILI9341DisplayString                   0x080005e8   Section        0  ili9341.o(i.ILI9341DisplayString)
    i.ILI9341DrawHorizontalLine              0x08000638   Section        0  ili9341.o(i.ILI9341DrawHorizontalLine)
    i.ILI9341DrawOnePixel                    0x0800065e   Section        0  ili9341.o(i.ILI9341DrawOnePixel)
    i.ILI9341DrawVerticalLine                0x0800067a   Section        0  ili9341.o(i.ILI9341DrawVerticalLine)
    i.ILI9341Init                            0x080006a0   Section        0  ili9341.o(i.ILI9341Init)
    i.ILI9341PutChar8x16                     0x08000960   Section        0  ili9341.o(i.ILI9341PutChar8x16)
    i.ILI9341SetCurPos                       0x080009d0   Section        0  ili9341.o(i.ILI9341SetCurPos)
    i.ILI9341Write                           0x08000a0c   Section        0  ili9341.o(i.ILI9341Write)
    i.ILI9341Write8Bit                       0x08000aa4   Section        0  ili9341.o(i.ILI9341Write8Bit)
    i.ILI9341WriteCmd                        0x08000b0c   Section        0  ili9341.o(i.ILI9341WriteCmd)
    i.ILI9341WriteData                       0x08000b1a   Section        0  ili9341.o(i.ILI9341WriteData)
    i.InitGPIO                               0x08000b28   Section        0  gpio.o(i.InitGPIO)
    i.InitRCC                                0x08000b48   Section        0  main.o(i.InitRCC)
    i.InitTimer                              0x08000bbc   Section        0  delay.o(i.InitTimer)
    i.RCC_APB1PeriphClockCmd                 0x08000c18   Section        0  stm32f10x_rcc.o(i.RCC_APB1PeriphClockCmd)
    i.RCC_APB2PeriphClockCmd                 0x08000c38   Section        0  stm32f10x_rcc.o(i.RCC_APB2PeriphClockCmd)
    i.RCC_DeInit                             0x08000c58   Section        0  stm32f10x_rcc.o(i.RCC_DeInit)
    i.RCC_GetClocksFreq                      0x08000cb4   Section        0  stm32f10x_rcc.o(i.RCC_GetClocksFreq)
    i.RCC_GetFlagStatus                      0x08000e44   Section        0  stm32f10x_rcc.o(i.RCC_GetFlagStatus)
    i.RCC_GetSYSCLKSource                    0x08000e80   Section        0  stm32f10x_rcc.o(i.RCC_GetSYSCLKSource)
    i.RCC_HCLKConfig                         0x08000e90   Section        0  stm32f10x_rcc.o(i.RCC_HCLKConfig)
    i.RCC_HSEConfig                          0x08000ea8   Section        0  stm32f10x_rcc.o(i.RCC_HSEConfig)
    i.RCC_HSICmd                             0x08000ef4   Section        0  stm32f10x_rcc.o(i.RCC_HSICmd)
    i.RCC_PCLK1Config                        0x08000f00   Section        0  stm32f10x_rcc.o(i.RCC_PCLK1Config)
    i.RCC_PCLK2Config                        0x08000f18   Section        0  stm32f10x_rcc.o(i.RCC_PCLK2Config)
    i.RCC_PLL2Cmd                            0x08000f30   Section        0  stm32f10x_rcc.o(i.RCC_PLL2Cmd)
    i.RCC_PLL2Config                         0x08000f3c   Section        0  stm32f10x_rcc.o(i.RCC_PLL2Config)
    i.RCC_PLLCmd                             0x08000f54   Section        0  stm32f10x_rcc.o(i.RCC_PLLCmd)
    i.RCC_PLLConfig                          0x08000f60   Section        0  stm32f10x_rcc.o(i.RCC_PLLConfig)
    i.RCC_PREDIV1Config                      0x08000f7c   Section        0  stm32f10x_rcc.o(i.RCC_PREDIV1Config)
    i.RCC_PREDIV2Config                      0x08000f9c   Section        0  stm32f10x_rcc.o(i.RCC_PREDIV2Config)
    i.RCC_SYSCLKConfig                       0x08000fb4   Section        0  stm32f10x_rcc.o(i.RCC_SYSCLKConfig)
    i.RCC_WaitForHSEStartUp                  0x08000fcc   Section        0  stm32f10x_rcc.o(i.RCC_WaitForHSEStartUp)
    i.RGB                                    0x08001004   Section        0  ili9341.o(i.RGB)
    i.ReadKey                                0x08001018   Section        0  gui_lib.o(i.ReadKey)
    i.SelectRootItem                         0x080010c8   Section        0  gui_lib.o(i.SelectRootItem)
    i.SelectedItemChanged                    0x080010e8   Section        0  gui_lib.o(i.SelectedItemChanged)
    i.SetSysClock                            0x0800116c   Section        0  system_stm32f10x.o(i.SetSysClock)
    SetSysClock                              0x0800116d   Thumb Code     8  system_stm32f10x.o(i.SetSysClock)
    i.SetSysClockTo72                        0x08001174   Section        0  system_stm32f10x.o(i.SetSysClockTo72)
    SetSysClockTo72                          0x08001175   Thumb Code   264  system_stm32f10x.o(i.SetSysClockTo72)
    i.SystemInit                             0x0800128c   Section        0  system_stm32f10x.o(i.SystemInit)
    i.TIM6_IRQHandler                        0x080012f8   Section        0  delay.o(i.TIM6_IRQHandler)
    i.TIM_ClearITPendingBit                  0x08001320   Section        0  stm32f10x_tim.o(i.TIM_ClearITPendingBit)
    i.TIM_Cmd                                0x08001326   Section        0  stm32f10x_tim.o(i.TIM_Cmd)
    i.TIM_GetITStatus                        0x0800133e   Section        0  stm32f10x_tim.o(i.TIM_GetITStatus)
    i.TIM_ITConfig                           0x08001360   Section        0  stm32f10x_tim.o(i.TIM_ITConfig)
    i.TIM_TimeBaseInit                       0x08001374   Section        0  stm32f10x_tim.o(i.TIM_TimeBaseInit)
    i.TIM_TimeBaseStructInit                 0x08001418   Section        0  stm32f10x_tim.o(i.TIM_TimeBaseStructInit)
    i.UpdateGUI                              0x0800142c   Section        0  gui_lib.o(i.UpdateGUI)
    i.UpdateKeyState                         0x08001478   Section        0  gui_lib.o(i.UpdateKeyState)
    i.__scatterload_copy                     0x080014d4   Section       14  handlers.o(i.__scatterload_copy)
    i.__scatterload_null                     0x080014e2   Section        2  handlers.o(i.__scatterload_null)
    i.__scatterload_zeroinit                 0x080014e4   Section       14  handlers.o(i.__scatterload_zeroinit)
    i.main                                   0x080014f4   Section        0  main.o(i.main)
    .constdata                               0x0800169c   Section     1536  ili9341.o(.constdata)
    Font8x16                                 0x0800169c   Data        1536  ili9341.o(.constdata)
    .data                                    0x20000000   Section       24  gui_lib.o(.data)
    .data                                    0x20000018   Section        4  delay.o(.data)
    .data                                    0x2000001c   Section       20  stm32f10x_rcc.o(.data)
    APBAHBPrescTable                         0x2000001c   Data          16  stm32f10x_rcc.o(.data)
    ADCPrescTable                            0x2000002c   Data           4  stm32f10x_rcc.o(.data)
    .bss                                     0x20000030   Section      120  gui_lib.o(.bss)
    STACK                                    0x200000a8   Section     1024  startup_stm32f10x_cl.o(STACK)

    Global Symbols

    Symbol Name                              Value     Ov Type        Size  Object(Section)

    BuildAttributes$$THM_ISAv4$P$D$K$B$S$PE$A:L22UL41UL21$X:L11$S22US41US21$IEEE1$IW$USESV6$~STKCKD$USESV7$~SHL$OSPACE$EBA8$MICROLIB$REQ8$PRES8$EABIv2 0x00000000   Number         0  anon$$obj.o ABSOLUTE
    __ARM_use_no_argv                        0x00000000   Number         0  main.o ABSOLUTE
    __cpp_initialize__aeabi_                  - Undefined Weak Reference
    __cxa_finalize                            - Undefined Weak Reference
    __decompress                              - Undefined Weak Reference
    _clock_init                               - Undefined Weak Reference
    _microlib_exit                            - Undefined Weak Reference
    __Vectors_Size                           0x00000150   Number         0  startup_stm32f10x_cl.o ABSOLUTE
    __Vectors                                0x08000000   Data           4  startup_stm32f10x_cl.o(RESET)
    __Vectors_End                            0x08000150   Data           0  startup_stm32f10x_cl.o(RESET)
    __main                                   0x08000151   Thumb Code     0  entry.o(.ARM.Collect$$$$00000000)
    _main_stk                                0x08000151   Thumb Code     0  entry2.o(.ARM.Collect$$$$00000001)
    _main_scatterload                        0x08000155   Thumb Code     0  entry5.o(.ARM.Collect$$$$00000004)
    __main_after_scatterload                 0x08000159   Thumb Code     0  entry5.o(.ARM.Collect$$$$00000004)
    _main_clock                              0x08000159   Thumb Code     0  entry7b.o(.ARM.Collect$$$$00000008)
    _main_cpp_init                           0x08000159   Thumb Code     0  entry8b.o(.ARM.Collect$$$$0000000A)
    _main_init                               0x08000159   Thumb Code     0  entry9a.o(.ARM.Collect$$$$0000000B)
    __rt_final_cpp                           0x08000161   Thumb Code     0  entry10a.o(.ARM.Collect$$$$0000000D)
    __rt_final_exit                          0x08000161   Thumb Code     0  entry11a.o(.ARM.Collect$$$$0000000F)
    Reset_Handler                            0x08000165   Thumb Code     8  startup_stm32f10x_cl.o(.text)
    NMI_Handler                              0x0800016d   Thumb Code     2  startup_stm32f10x_cl.o(.text)
    HardFault_Handler                        0x0800016f   Thumb Code     2  startup_stm32f10x_cl.o(.text)
    MemManage_Handler                        0x08000171   Thumb Code     2  startup_stm32f10x_cl.o(.text)
    BusFault_Handler                         0x08000173   Thumb Code     2  startup_stm32f10x_cl.o(.text)
    UsageFault_Handler                       0x08000175   Thumb Code     2  startup_stm32f10x_cl.o(.text)
    SVC_Handler                              0x08000177   Thumb Code     2  startup_stm32f10x_cl.o(.text)
    DebugMon_Handler                         0x08000179   Thumb Code     2  startup_stm32f10x_cl.o(.text)
    PendSV_Handler                           0x0800017b   Thumb Code     2  startup_stm32f10x_cl.o(.text)
    SysTick_Handler                          0x0800017d   Thumb Code     2  startup_stm32f10x_cl.o(.text)
    ADC1_2_IRQHandler                        0x0800017f   Thumb Code     0  startup_stm32f10x_cl.o(.text)
    CAN1_RX0_IRQHandler                      0x0800017f   Thumb Code     0  startup_stm32f10x_cl.o(.text)
    CAN1_RX1_IRQHandler                      0x0800017f   Thumb Code     0  startup_stm32f10x_cl.o(.text)
    CAN1_SCE_IRQHandler                      0x0800017f   Thumb Code     0  startup_stm32f10x_cl.o(.text)
    CAN1_TX_IRQHandler                       0x0800017f   Thumb Code     0  startup_stm32f10x_cl.o(.text)
    CAN2_RX0_IRQHandler                      0x0800017f   Thumb Code     0  startup_stm32f10x_cl.o(.text)
    CAN2_RX1_IRQHandler                      0x0800017f   Thumb Code     0  startup_stm32f10x_cl.o(.text)
    CAN2_SCE_IRQHandler                      0x0800017f   Thumb Code     0  startup_stm32f10x_cl.o(.text)
    CAN2_TX_IRQHandler                       0x0800017f   Thumb Code     0  startup_stm32f10x_cl.o(.text)
    DMA1_Channel1_IRQHandler                 0x0800017f   Thumb Code     0  startup_stm32f10x_cl.o(.text)
    DMA1_Channel2_IRQHandler                 0x0800017f   Thumb Code     0  startup_stm32f10x_cl.o(.text)
    DMA1_Channel3_IRQHandler                 0x0800017f   Thumb Code     0  startup_stm32f10x_cl.o(.text)
    DMA1_Channel4_IRQHandler                 0x0800017f   Thumb Code     0  startup_stm32f10x_cl.o(.text)
    DMA1_Channel5_IRQHandler                 0x0800017f   Thumb Code     0  startup_stm32f10x_cl.o(.text)
    DMA1_Channel6_IRQHandler                 0x0800017f   Thumb Code     0  startup_stm32f10x_cl.o(.text)
    DMA1_Channel7_IRQHandler                 0x0800017f   Thumb Code     0  startup_stm32f10x_cl.o(.text)
    DMA2_Channel1_IRQHandler                 0x0800017f   Thumb Code     0  startup_stm32f10x_cl.o(.text)
    DMA2_Channel2_IRQHandler                 0x0800017f   Thumb Code     0  startup_stm32f10x_cl.o(.text)
    DMA2_Channel3_IRQHandler                 0x0800017f   Thumb Code     0  startup_stm32f10x_cl.o(.text)
    DMA2_Channel4_IRQHandler                 0x0800017f   Thumb Code     0  startup_stm32f10x_cl.o(.text)
    DMA2_Channel5_IRQHandler                 0x0800017f   Thumb Code     0  startup_stm32f10x_cl.o(.text)
    ETH_IRQHandler                           0x0800017f   Thumb Code     0  startup_stm32f10x_cl.o(.text)
    ETH_WKUP_IRQHandler                      0x0800017f   Thumb Code     0  startup_stm32f10x_cl.o(.text)
    EXTI0_IRQHandler                         0x0800017f   Thumb Code     0  startup_stm32f10x_cl.o(.text)
    EXTI15_10_IRQHandler                     0x0800017f   Thumb Code     0  startup_stm32f10x_cl.o(.text)
    EXTI1_IRQHandler                         0x0800017f   Thumb Code     0  startup_stm32f10x_cl.o(.text)
    EXTI2_IRQHandler                         0x0800017f   Thumb Code     0  startup_stm32f10x_cl.o(.text)
    EXTI3_IRQHandler                         0x0800017f   Thumb Code     0  startup_stm32f10x_cl.o(.text)
    EXTI4_IRQHandler                         0x0800017f   Thumb Code     0  startup_stm32f10x_cl.o(.text)
    EXTI9_5_IRQHandler                       0x0800017f   Thumb Code     0  startup_stm32f10x_cl.o(.text)
    FLASH_IRQHandler                         0x0800017f   Thumb Code     0  startup_stm32f10x_cl.o(.text)
    I2C1_ER_IRQHandler                       0x0800017f   Thumb Code     0  startup_stm32f10x_cl.o(.text)
    I2C1_EV_IRQHandler                       0x0800017f   Thumb Code     0  startup_stm32f10x_cl.o(.text)
    I2C2_ER_IRQHandler                       0x0800017f   Thumb Code     0  startup_stm32f10x_cl.o(.text)
    I2C2_EV_IRQHandler                       0x0800017f   Thumb Code     0  startup_stm32f10x_cl.o(.text)
    OTG_FS_IRQHandler                        0x0800017f   Thumb Code     0  startup_stm32f10x_cl.o(.text)
    OTG_FS_WKUP_IRQHandler                   0x0800017f   Thumb Code     0  startup_stm32f10x_cl.o(.text)
    PVD_IRQHandler                           0x0800017f   Thumb Code     0  startup_stm32f10x_cl.o(.text)
    RCC_IRQHandler                           0x0800017f   Thumb Code     0  startup_stm32f10x_cl.o(.text)
    RTCAlarm_IRQHandler                      0x0800017f   Thumb Code     0  startup_stm32f10x_cl.o(.text)
    RTC_IRQHandler                           0x0800017f   Thumb Code     0  startup_stm32f10x_cl.o(.text)
    SPI1_IRQHandler                          0x0800017f   Thumb Code     0  startup_stm32f10x_cl.o(.text)
    SPI2_IRQHandler                          0x0800017f   Thumb Code     0  startup_stm32f10x_cl.o(.text)
    SPI3_IRQHandler                          0x0800017f   Thumb Code     0  startup_stm32f10x_cl.o(.text)
    TAMPER_IRQHandler                        0x0800017f   Thumb Code     0  startup_stm32f10x_cl.o(.text)
    TIM1_BRK_IRQHandler                      0x0800017f   Thumb Code     0  startup_stm32f10x_cl.o(.text)
    TIM1_CC_IRQHandler                       0x0800017f   Thumb Code     0  startup_stm32f10x_cl.o(.text)
    TIM1_TRG_COM_IRQHandler                  0x0800017f   Thumb Code     0  startup_stm32f10x_cl.o(.text)
    TIM1_UP_IRQHandler                       0x0800017f   Thumb Code     0  startup_stm32f10x_cl.o(.text)
    TIM2_IRQHandler                          0x0800017f   Thumb Code     0  startup_stm32f10x_cl.o(.text)
    TIM3_IRQHandler                          0x0800017f   Thumb Code     0  startup_stm32f10x_cl.o(.text)
    TIM4_IRQHandler                          0x0800017f   Thumb Code     0  startup_stm32f10x_cl.o(.text)
    TIM5_IRQHandler                          0x0800017f   Thumb Code     0  startup_stm32f10x_cl.o(.text)
    TIM7_IRQHandler                          0x0800017f   Thumb Code     0  startup_stm32f10x_cl.o(.text)
    UART4_IRQHandler                         0x0800017f   Thumb Code     0  startup_stm32f10x_cl.o(.text)
    UART5_IRQHandler                         0x0800017f   Thumb Code     0  startup_stm32f10x_cl.o(.text)
    USART1_IRQHandler                        0x0800017f   Thumb Code     0  startup_stm32f10x_cl.o(.text)
    USART2_IRQHandler                        0x0800017f   Thumb Code     0  startup_stm32f10x_cl.o(.text)
    USART3_IRQHandler                        0x0800017f   Thumb Code     0  startup_stm32f10x_cl.o(.text)
    WWDG_IRQHandler                          0x0800017f   Thumb Code     0  startup_stm32f10x_cl.o(.text)
    strlen                                   0x08000189   Thumb Code    14  strlen.o(.text)
    __scatterload                            0x08000199   Thumb Code    28  init.o(.text)
    __scatterload_rt2                        0x08000199   Thumb Code     0  init.o(.text)
    AddMenuItem                              0x080001bd   Thumb Code    88  gui_lib.o(i.AddMenuItem)
    CenterButtonClicked                      0x08000225   Thumb Code    40  gui_lib.o(i.CenterButtonClicked)
    Delay                                    0x08000255   Thumb Code    36  delay.o(i.Delay)
    DrawCircle                               0x08000281   Thumb Code   184  ili9341.o(i.DrawCircle)
    DrawMenuItem                             0x08000339   Thumb Code   202  gui_lib.o(i.DrawMenuItem)
    GPIO_Init                                0x08000403   Thumb Code   278  stm32f10x_gpio.o(i.GPIO_Init)
    GPIO_ReadInputDataBit                    0x08000519   Thumb Code    18  stm32f10x_gpio.o(i.GPIO_ReadInputDataBit)
    GPIO_WriteBit                            0x0800052b   Thumb Code    10  stm32f10x_gpio.o(i.GPIO_WriteBit)
    ILI9341DisplayNum                        0x08000535   Thumb Code   116  ili9341.o(i.ILI9341DisplayNum)
    ILI9341DisplayRectFill                   0x080005a9   Thumb Code    64  ili9341.o(i.ILI9341DisplayRectFill)
    ILI9341DisplayString                     0x080005e9   Thumb Code    80  ili9341.o(i.ILI9341DisplayString)
    ILI9341DrawHorizontalLine                0x08000639   Thumb Code    38  ili9341.o(i.ILI9341DrawHorizontalLine)
    ILI9341DrawOnePixel                      0x0800065f   Thumb Code    28  ili9341.o(i.ILI9341DrawOnePixel)
    ILI9341DrawVerticalLine                  0x0800067b   Thumb Code    38  ili9341.o(i.ILI9341DrawVerticalLine)
    ILI9341Init                              0x080006a1   Thumb Code   700  ili9341.o(i.ILI9341Init)
    ILI9341PutChar8x16                       0x08000961   Thumb Code   108  ili9341.o(i.ILI9341PutChar8x16)
    ILI9341SetCurPos                         0x080009d1   Thumb Code    58  ili9341.o(i.ILI9341SetCurPos)
    ILI9341Write                             0x08000a0d   Thumb Code   148  ili9341.o(i.ILI9341Write)
    ILI9341Write8Bit                         0x08000aa5   Thumb Code    98  ili9341.o(i.ILI9341Write8Bit)
    ILI9341WriteCmd                          0x08000b0d   Thumb Code    14  ili9341.o(i.ILI9341WriteCmd)
    ILI9341WriteData                         0x08000b1b   Thumb Code    14  ili9341.o(i.ILI9341WriteData)
    InitGPIO                                 0x08000b29   Thumb Code    32  gpio.o(i.InitGPIO)
    InitRCC                                  0x08000b49   Thumb Code   116  main.o(i.InitRCC)
    InitTimer                                0x08000bbd   Thumb Code    84  delay.o(i.InitTimer)
    RCC_APB1PeriphClockCmd                   0x08000c19   Thumb Code    26  stm32f10x_rcc.o(i.RCC_APB1PeriphClockCmd)
    RCC_APB2PeriphClockCmd                   0x08000c39   Thumb Code    26  stm32f10x_rcc.o(i.RCC_APB2PeriphClockCmd)
    RCC_DeInit                               0x08000c59   Thumb Code    78  stm32f10x_rcc.o(i.RCC_DeInit)
    RCC_GetClocksFreq                        0x08000cb5   Thumb Code   374  stm32f10x_rcc.o(i.RCC_GetClocksFreq)
    RCC_GetFlagStatus                        0x08000e45   Thumb Code    56  stm32f10x_rcc.o(i.RCC_GetFlagStatus)
    RCC_GetSYSCLKSource                      0x08000e81   Thumb Code    10  stm32f10x_rcc.o(i.RCC_GetSYSCLKSource)
    RCC_HCLKConfig                           0x08000e91   Thumb Code    18  stm32f10x_rcc.o(i.RCC_HCLKConfig)
    RCC_HSEConfig                            0x08000ea9   Thumb Code    70  stm32f10x_rcc.o(i.RCC_HSEConfig)
    RCC_HSICmd                               0x08000ef5   Thumb Code     6  stm32f10x_rcc.o(i.RCC_HSICmd)
    RCC_PCLK1Config                          0x08000f01   Thumb Code    18  stm32f10x_rcc.o(i.RCC_PCLK1Config)
    RCC_PCLK2Config                          0x08000f19   Thumb Code    20  stm32f10x_rcc.o(i.RCC_PCLK2Config)
    RCC_PLL2Cmd                              0x08000f31   Thumb Code     6  stm32f10x_rcc.o(i.RCC_PLL2Cmd)
    RCC_PLL2Config                           0x08000f3d   Thumb Code    18  stm32f10x_rcc.o(i.RCC_PLL2Config)
    RCC_PLLCmd                               0x08000f55   Thumb Code     6  stm32f10x_rcc.o(i.RCC_PLLCmd)
    RCC_PLLConfig                            0x08000f61   Thumb Code    24  stm32f10x_rcc.o(i.RCC_PLLConfig)
    RCC_PREDIV1Config                        0x08000f7d   Thumb Code    24  stm32f10x_rcc.o(i.RCC_PREDIV1Config)
    RCC_PREDIV2Config                        0x08000f9d   Thumb Code    18  stm32f10x_rcc.o(i.RCC_PREDIV2Config)
    RCC_SYSCLKConfig                         0x08000fb5   Thumb Code    18  stm32f10x_rcc.o(i.RCC_SYSCLKConfig)
    RCC_WaitForHSEStartUp                    0x08000fcd   Thumb Code    56  stm32f10x_rcc.o(i.RCC_WaitForHSEStartUp)
    RGB                                      0x08001005   Thumb Code    20  ili9341.o(i.RGB)
    ReadKey                                  0x08001019   Thumb Code   158  gui_lib.o(i.ReadKey)
    SelectRootItem                           0x080010c9   Thumb Code    26  gui_lib.o(i.SelectRootItem)
    SelectedItemChanged                      0x080010e9   Thumb Code   116  gui_lib.o(i.SelectedItemChanged)
    SystemInit                               0x0800128d   Thumb Code    92  system_stm32f10x.o(i.SystemInit)
    TIM6_IRQHandler                          0x080012f9   Thumb Code    32  delay.o(i.TIM6_IRQHandler)
    TIM_ClearITPendingBit                    0x08001321   Thumb Code     6  stm32f10x_tim.o(i.TIM_ClearITPendingBit)
    TIM_Cmd                                  0x08001327   Thumb Code    24  stm32f10x_tim.o(i.TIM_Cmd)
    TIM_GetITStatus                          0x0800133f   Thumb Code    34  stm32f10x_tim.o(i.TIM_GetITStatus)
    TIM_ITConfig                             0x08001361   Thumb Code    18  stm32f10x_tim.o(i.TIM_ITConfig)
    TIM_TimeBaseInit                         0x08001375   Thumb Code   122  stm32f10x_tim.o(i.TIM_TimeBaseInit)
    TIM_TimeBaseStructInit                   0x08001419   Thumb Code    18  stm32f10x_tim.o(i.TIM_TimeBaseStructInit)
    UpdateGUI                                0x0800142d   Thumb Code    70  gui_lib.o(i.UpdateGUI)
    UpdateKeyState                           0x08001479   Thumb Code    88  gui_lib.o(i.UpdateKeyState)
    __scatterload_copy                       0x080014d5   Thumb Code    14  handlers.o(i.__scatterload_copy)
    __scatterload_null                       0x080014e3   Thumb Code     2  handlers.o(i.__scatterload_null)
    __scatterload_zeroinit                   0x080014e5   Thumb Code    14  handlers.o(i.__scatterload_zeroinit)
    main                                     0x080014f5   Thumb Code   366  main.o(i.main)
    Region$$Table$$Base                      0x08001c9c   Number         0  anon$$obj.o(Region$$Table)
    Region$$Table$$Limit                     0x08001cbc   Number         0  anon$$obj.o(Region$$Table)
    MenuRoot                                 0x20000000   Data           4  gui_lib.o(.data)
    MenuLast                                 0x20000004   Data           4  gui_lib.o(.data)
    SelectedItem                             0x20000008   Data           4  gui_lib.o(.data)
    ItemsCount                               0x2000000c   Data           2  gui_lib.o(.data)
    PrevSelected                             0x2000000e   Data           2  gui_lib.o(.data)
    checked                                  0x20000010   Data           1  gui_lib.o(.data)
    current                                  0x20000011   Data           1  gui_lib.o(.data)
    Colors                                   0x20000012   Data           6  gui_lib.o(.data)
    counter                                  0x20000018   Data           4  delay.o(.data)
    List                                     0x20000030   Data         120  gui_lib.o(.bss)
    __initial_sp                             0x200004a8   Data           0  startup_stm32f10x_cl.o(STACK)



==============================================================================

Memory Map of the image

  Image Entry point : 0x08000165

  Load Region LR_1 (Base: 0x08000000, Size: 0x00001cec, Max: 0xffffffff, ABSOLUTE)

    Execution Region ER_RO (Base: 0x08000000, Size: 0x00001cbc, Max: 0xffffffff, ABSOLUTE)

    Base Addr    Size         Type   Attr      Idx    E Section Name        Object

    0x08000000   0x00000150   Data   RO         1616    RESET               startup_stm32f10x_cl.o
    0x08000150   0x00000000   Code   RO         1667  * .ARM.Collect$$$$00000000  mc_w.l(entry.o)
    0x08000150   0x00000004   Code   RO         1672    .ARM.Collect$$$$00000001  mc_w.l(entry2.o)
    0x08000154   0x00000004   Code   RO         1675    .ARM.Collect$$$$00000004  mc_w.l(entry5.o)
    0x08000158   0x00000000   Code   RO         1677    .ARM.Collect$$$$00000008  mc_w.l(entry7b.o)
    0x08000158   0x00000000   Code   RO         1679    .ARM.Collect$$$$0000000A  mc_w.l(entry8b.o)
    0x08000158   0x00000008   Code   RO         1680    .ARM.Collect$$$$0000000B  mc_w.l(entry9a.o)
    0x08000160   0x00000000   Code   RO         1682    .ARM.Collect$$$$0000000D  mc_w.l(entry10a.o)
    0x08000160   0x00000000   Code   RO         1684    .ARM.Collect$$$$0000000F  mc_w.l(entry11a.o)
    0x08000160   0x00000004   Code   RO         1673    .ARM.Collect$$$$00002712  mc_w.l(entry2.o)
    0x08000164   0x00000024   Code   RO         1617  * .text               startup_stm32f10x_cl.o
    0x08000188   0x0000000e   Code   RO         1670    .text               mc_w.l(strlen.o)
    0x08000196   0x00000002   PAD
    0x08000198   0x00000024   Code   RO         1686    .text               mc_w.l(init.o)
    0x080001bc   0x00000068   Code   RO            4    i.AddMenuItem       gui_lib.o
    0x08000224   0x00000030   Code   RO            5    i.CenterButtonClicked  gui_lib.o
    0x08000254   0x0000002c   Code   RO          310    i.Delay             delay.o
    0x08000280   0x000000b8   Code   RO          145    i.DrawCircle        ili9341.o
    0x08000338   0x000000ca   Code   RO            6    i.DrawMenuItem      gui_lib.o
    0x08000402   0x00000116   Code   RO          479    i.GPIO_Init         stm32f10x_gpio.o
    0x08000518   0x00000012   Code   RO          483    i.GPIO_ReadInputDataBit  stm32f10x_gpio.o
    0x0800052a   0x0000000a   Code   RO          490    i.GPIO_WriteBit     stm32f10x_gpio.o
    0x08000534   0x00000074   Code   RO          150    i.ILI9341DisplayNum  ili9341.o
    0x080005a8   0x00000040   Code   RO          153    i.ILI9341DisplayRectFill  ili9341.o
    0x080005e8   0x00000050   Code   RO          154    i.ILI9341DisplayString  ili9341.o
    0x08000638   0x00000026   Code   RO          155    i.ILI9341DrawHorizontalLine  ili9341.o
    0x0800065e   0x0000001c   Code   RO          156    i.ILI9341DrawOnePixel  ili9341.o
    0x0800067a   0x00000026   Code   RO          157    i.ILI9341DrawVerticalLine  ili9341.o
    0x080006a0   0x000002c0   Code   RO          160    i.ILI9341Init       ili9341.o
    0x08000960   0x00000070   Code   RO          161    i.ILI9341PutChar8x16  ili9341.o
    0x080009d0   0x0000003a   Code   RO          162    i.ILI9341SetCurPos  ili9341.o
    0x08000a0a   0x00000002   PAD
    0x08000a0c   0x00000098   Code   RO          163    i.ILI9341Write      ili9341.o
    0x08000aa4   0x00000068   Code   RO          164    i.ILI9341Write8Bit  ili9341.o
    0x08000b0c   0x0000000e   Code   RO          165    i.ILI9341WriteCmd   ili9341.o
    0x08000b1a   0x0000000e   Code   RO          166    i.ILI9341WriteData  ili9341.o
    0x08000b28   0x00000020   Code   RO          356    i.InitGPIO          gpio.o
    0x08000b48   0x00000074   Code   RO          383    i.InitRCC           main.o
    0x08000bbc   0x0000005c   Code   RO          311    i.InitTimer         delay.o
    0x08000c18   0x00000020   Code   RO          602    i.RCC_APB1PeriphClockCmd  stm32f10x_rcc.o
    0x08000c38   0x00000020   Code   RO          604    i.RCC_APB2PeriphClockCmd  stm32f10x_rcc.o
    0x08000c58   0x0000005c   Code   RO          611    i.RCC_DeInit        stm32f10x_rcc.o
    0x08000cb4   0x00000190   Code   RO          612    i.RCC_GetClocksFreq  stm32f10x_rcc.o
    0x08000e44   0x0000003c   Code   RO          613    i.RCC_GetFlagStatus  stm32f10x_rcc.o
    0x08000e80   0x00000010   Code   RO          615    i.RCC_GetSYSCLKSource  stm32f10x_rcc.o
    0x08000e90   0x00000018   Code   RO          616    i.RCC_HCLKConfig    stm32f10x_rcc.o
    0x08000ea8   0x0000004c   Code   RO          617    i.RCC_HSEConfig     stm32f10x_rcc.o
    0x08000ef4   0x0000000c   Code   RO          618    i.RCC_HSICmd        stm32f10x_rcc.o
    0x08000f00   0x00000018   Code   RO          626    i.RCC_PCLK1Config   stm32f10x_rcc.o
    0x08000f18   0x00000018   Code   RO          627    i.RCC_PCLK2Config   stm32f10x_rcc.o
    0x08000f30   0x0000000c   Code   RO          628    i.RCC_PLL2Cmd       stm32f10x_rcc.o
    0x08000f3c   0x00000018   Code   RO          629    i.RCC_PLL2Config    stm32f10x_rcc.o
    0x08000f54   0x0000000c   Code   RO          632    i.RCC_PLLCmd        stm32f10x_rcc.o
    0x08000f60   0x0000001c   Code   RO          633    i.RCC_PLLConfig     stm32f10x_rcc.o
    0x08000f7c   0x00000020   Code   RO          634    i.RCC_PREDIV1Config  stm32f10x_rcc.o
    0x08000f9c   0x00000018   Code   RO          635    i.RCC_PREDIV2Config  stm32f10x_rcc.o
    0x08000fb4   0x00000018   Code   RO          638    i.RCC_SYSCLKConfig  stm32f10x_rcc.o
    0x08000fcc   0x00000038   Code   RO          639    i.RCC_WaitForHSEStartUp  stm32f10x_rcc.o
    0x08001004   0x00000014   Code   RO          167    i.RGB               ili9341.o
    0x08001018   0x000000b0   Code   RO            7    i.ReadKey           gui_lib.o
    0x080010c8   0x00000020   Code   RO            8    i.SelectRootItem    gui_lib.o
    0x080010e8   0x00000084   Code   RO            9    i.SelectedItemChanged  gui_lib.o
    0x0800116c   0x00000008   Code   RO         1624    i.SetSysClock       system_stm32f10x.o
    0x08001174   0x00000118   Code   RO         1625    i.SetSysClockTo72   system_stm32f10x.o
    0x0800128c   0x0000006c   Code   RO         1627    i.SystemInit        system_stm32f10x.o
    0x080012f8   0x00000028   Code   RO          312    i.TIM6_IRQHandler   delay.o
    0x08001320   0x00000006   Code   RO          876    i.TIM_ClearITPendingBit  stm32f10x_tim.o
    0x08001326   0x00000018   Code   RO          881    i.TIM_Cmd           stm32f10x_tim.o
    0x0800133e   0x00000022   Code   RO          902    i.TIM_GetITStatus   stm32f10x_tim.o
    0x08001360   0x00000012   Code   RO          906    i.TIM_ITConfig      stm32f10x_tim.o
    0x08001372   0x00000002   PAD
    0x08001374   0x000000a4   Code   RO          952    i.TIM_TimeBaseInit  stm32f10x_tim.o
    0x08001418   0x00000012   Code   RO          953    i.TIM_TimeBaseStructInit  stm32f10x_tim.o
    0x0800142a   0x00000002   PAD
    0x0800142c   0x0000004c   Code   RO           10    i.UpdateGUI         gui_lib.o
    0x08001478   0x0000005c   Code   RO           11    i.UpdateKeyState    gui_lib.o
    0x080014d4   0x0000000e   Code   RO         1690    i.__scatterload_copy  mc_w.l(handlers.o)
    0x080014e2   0x00000002   Code   RO         1691    i.__scatterload_null  mc_w.l(handlers.o)
    0x080014e4   0x0000000e   Code   RO         1692    i.__scatterload_zeroinit  mc_w.l(handlers.o)
    0x080014f2   0x00000002   PAD
    0x080014f4   0x000001a8   Code   RO          384    i.main              main.o
    0x0800169c   0x00000600   Data   RO          168    .constdata          ili9341.o
    0x08001c9c   0x00000020   Data   RO         1688    Region$$Table       anon$$obj.o


    Execution Region ER_RW (Base: 0x20000000, Size: 0x00000030, Max: 0xffffffff, ABSOLUTE)

    Base Addr    Size         Type   Attr      Idx    E Section Name        Object

    0x20000000   0x00000018   Data   RW           14    .data               gui_lib.o
    0x20000018   0x00000004   Data   RW          313    .data               delay.o
    0x2000001c   0x00000014   Data   RW          640    .data               stm32f10x_rcc.o


    Execution Region ER_ZI (Base: 0x20000030, Size: 0x00000478, Max: 0xffffffff, ABSOLUTE)

    Base Addr    Size         Type   Attr      Idx    E Section Name        Object

    0x20000030   0x00000078   Zero   RW           12    .bss                gui_lib.o
    0x200000a8   0x00000400   Zero   RW         1614    STACK               startup_stm32f10x_cl.o


==============================================================================

Image component sizes


      Code (inc. data)   RO Data    RW Data    ZI Data      Debug   Object Name

       176         24          0          4          0      24067   delay.o
        32          0          0          0          0        863   gpio.o
       862         74          0         24        120     272758   gui_lib.o
      1726         18       1536          0          0      10060   ili9341.o
       540         58          0          0          0       1177   main.o
        36          8        336          0       1024        804   startup_stm32f10x_cl.o
       306          0          0          0          0       3352   stm32f10x_gpio.o
      1004        132          0         20          0      14762   stm32f10x_rcc.o
       264         42          0          0          0       4387   stm32f10x_tim.o
       396         32          0          0          0       1973   system_stm32f10x.o

    ----------------------------------------------------------------------
      5348        388       1904         48       1144     334203   Object Totals
         0          0         32          0          0          0   (incl. Generated)
         6          0          0          0          0          0   (incl. Padding)

    ----------------------------------------------------------------------

      Code (inc. data)   RO Data    RW Data    ZI Data      Debug   Library Member Name

         0          0          0          0          0          0   entry.o
         0          0          0          0          0          0   entry10a.o
         0          0          0          0          0          0   entry11a.o
         8          4          0          0          0          0   entry2.o
         4          0          0          0          0          0   entry5.o
         0          0          0          0          0          0   entry7b.o
         0          0          0          0          0          0   entry8b.o
         8          4          0          0          0          0   entry9a.o
        30          0          0          0          0          0   handlers.o
        36          8          0          0          0         68   init.o
        14          0          0          0          0         68   strlen.o

    ----------------------------------------------------------------------
       104         16          0          0          0        136   Library Totals
         4          0          0          0          0          0   (incl. Padding)

    ----------------------------------------------------------------------

      Code (inc. data)   RO Data    RW Data    ZI Data      Debug   Library Name

       100         16          0          0          0        136   mc_w.l

    ----------------------------------------------------------------------
       104         16          0          0          0        136   Library Totals

    ----------------------------------------------------------------------

==============================================================================


      Code (inc. data)   RO Data    RW Data    ZI Data      Debug   

      5452        404       1904         48       1144     331579   Grand Totals
      5452        404       1904         48       1144     331579   ELF Image Totals
      5452        404       1904         48          0          0   ROM Totals

==============================================================================

    Total RO  Size (Code + RO Data)                 7356 (   7.18kB)
    Total RW  Size (RW Data + ZI Data)              1192 (   1.16kB)
    Total ROM Size (Code + RO Data + RW Data)       7404 (   7.23kB)

==============================================================================

